#-----------------------------------------------------------
# Webtalk v2018.3 (64-bit)
# SW Build 2405991 on Thu Dec  6 23:38:27 MST 2018
# IP Build 2404404 on Fri Dec  7 01:43:56 MST 2018
# Start of session at: Sun Dec 12 21:01:40 2021
# Process ID: 10036
# Current directory: C:/Users/Anant/OneDrive/Documents/Courses/NYU/F21_ECE_GY_6463_Advanced_Hardware_Design/Project/ECE-GY-6463-NYU-6463-RV32I-Processor/Project_Vivado/Project_Vivado.sim/sim_1/synth/func/xsim
# Command line: wbtcv.exe -mode batch -source C:/Users/Anant/OneDrive/Documents/Courses/NYU/F21_ECE_GY_6463_Advanced_Hardware_Design/Project/ECE-GY-6463-NYU-6463-RV32I-Processor/Project_Vivado/Project_Vivado.sim/sim_1/synth/func/xsim/xsim.dir/Processor_func_synth/webtalk/xsim_webtalk.tcl -notrace
# Log file: C:/Users/Anant/OneDrive/Documents/Courses/NYU/F21_ECE_GY_6463_Advanced_Hardware_Design/Project/ECE-GY-6463-NYU-6463-RV32I-Processor/Project_Vivado/Project_Vivado.sim/sim_1/synth/func/xsim/webtalk.log
# Journal file: C:/Users/Anant/OneDrive/Documents/Courses/NYU/F21_ECE_GY_6463_Advanced_Hardware_Design/Project/ECE-GY-6463-NYU-6463-RV32I-Processor/Project_Vivado/Project_Vivado.sim/sim_1/synth/func/xsim\webtalk.jou
#-----------------------------------------------------------
source C:/Users/Anant/OneDrive/Documents/Courses/NYU/F21_ECE_GY_6463_Advanced_Hardware_Design/Project/ECE-GY-6463-NYU-6463-RV32I-Processor/Project_Vivado/Project_Vivado.sim/sim_1/synth/func/xsim/xsim.dir/Processor_func_synth/webtalk/xsim_webtalk.tcl -notrace
