#-----------------------------------------------------------
# Vivado v2018.3 (64-bit)
# SW Build 2405991 on Thu Dec  6 23:38:27 MST 2018
# IP Build 2404404 on Fri Dec  7 01:43:56 MST 2018
# Start of session at: Wed Dec 15 23:50:38 2021
# Process ID: 14124
# Current directory: C:/Users/Anant/OneDrive/Documents/Courses/NYU/F21_ECE_GY_6463_Advanced_Hardware_Design/Project/ECE-GY-6463-NYU-6463-RV32I-Processor/Project_Vivado/Project_Vivado.runs/synth_1
# Command line: vivado.exe -log Processor.vds -product Vivado -mode batch -messageDb vivado.pb -notrace -source Processor.tcl
# Log file: C:/Users/Anant/OneDrive/Documents/Courses/NYU/F21_ECE_GY_6463_Advanced_Hardware_Design/Project/ECE-GY-6463-NYU-6463-RV32I-Processor/Project_Vivado/Project_Vivado.runs/synth_1/Processor.vds
# Journal file: C:/Users/Anant/OneDrive/Documents/Courses/NYU/F21_ECE_GY_6463_Advanced_Hardware_Design/Project/ECE-GY-6463-NYU-6463-RV32I-Processor/Project_Vivado/Project_Vivado.runs/synth_1\vivado.jou
#-----------------------------------------------------------
source Processor.tcl -notrace
