

================================================================
== Vivado HLS Report for 'Din'
================================================================
* Date:           Fri Dec 24 03:52:51 2021

* Version:        2018.3 (Build 2405991 on Thu Dec 06 23:56:15 MST 2018)
* Project:        PRNumGen.prj
* Solution:       solution1
* Product family: artix7
* Target device:  xc7a100tcsg324-1


================================================================
== Performance Estimates
================================================================
+ Timing (ns): 
    * Summary: 
    +--------+-------+----------+------------+
    |  Clock | Target| Estimated| Uncertainty|
    +--------+-------+----------+------------+
    |ap_clk  |  10.00|     2.748|        1.25|
    +--------+-------+----------+------------+

+ Latency (clock cycles): 
    * Summary: 
    +-----+-----+-----+-----+---------+
    |  Latency  |  Interval | Pipeline|
    | min | max | min | max |   Type  |
    +-----+-----+-----+-----+---------+
    |    0|    0|    0|    0|   none  |
    +-----+-----+-----+-----+---------+

    + Detail: 
        * Instance: 
        N/A

        * Loop: 
        N/A



================================================================
== Utilization Estimates
================================================================
* Summary: 
+-----------------+---------+-------+--------+-------+
|       Name      | BRAM_18K| DSP48E|   FF   |  LUT  |
+-----------------+---------+-------+--------+-------+
|DSP              |        -|      -|       -|      -|
|Expression       |        -|      -|       0|    108|
|FIFO             |        -|      -|       -|      -|
|Instance         |        -|      -|       -|      -|
|Memory           |        -|      -|       -|      -|
|Multiplexer      |        -|      -|       -|     27|
|Register         |        -|      -|       -|      -|
+-----------------+---------+-------+--------+-------+
|Total            |        0|      0|       0|    135|
+-----------------+---------+-------+--------+-------+
|Available        |      270|    240|  126800|  63400|
+-----------------+---------+-------+--------+-------+
|Utilization (%)  |        0|      0|       0|   ~0  |
+-----------------+---------+-------+--------+-------+

+ Detail: 
    * Instance: 
    N/A

    * DSP48: 
    N/A

    * Memory: 
    N/A

    * FIFO: 
    N/A

    * Expression: 
    +------------------+----------+-------+---+----+------------+------------+
    |   Variable Name  | Operation| DSP48E| FF| LUT| Bitwidth P0| Bitwidth P1|
    +------------------+----------+-------+---+----+------------+------------+
    |tmp_13_fu_72_p2   |   icmp   |      0|  0|   9|           3|           2|
    |tmp_5_fu_60_p2    |   icmp   |      0|  0|   9|           3|           1|
    |tmp_9_fu_66_p2    |   icmp   |      0|  0|   9|           3|           2|
    |tmp_fu_50_p2      |   icmp   |      0|  0|   9|           3|           1|
    |tmp_14_fu_152_p2  |    or    |      0|  0|  16|          16|          16|
    |tmp_16_fu_86_p2   |    or    |      0|  0|  32|          32|          32|
    |tmp_19_fu_110_p2  |    or    |      0|  0|  24|          24|          24|
    +------------------+----------+-------+---+----+------------+------------+
    |Total             |          |      0|  0| 108|          84|          78|
    +------------------+----------+-------+---+----+------------+------------+

    * Multiplexer: 
    +--------+----+-----------+-----+-----------+
    |  Name  | LUT| Input Size| Bits| Total Bits|
    +--------+----+-----------+-----+-----------+
    |d_in_o  |  27|          5|   32|        160|
    +--------+----+-----------+-----+-----------+
    |Total   |  27|          5|   32|        160|
    +--------+----+-----------+-----+-----------+

    * Register: 
    N/A



================================================================
== Interface
================================================================
* Summary: 
+---------------+-----+-----+------------+--------------+--------------+
|   RTL Ports   | Dir | Bits|  Protocol  | Source Object|    C Type    |
+---------------+-----+-----+------------+--------------+--------------+
|ap_ready       | out |    1| ap_ctrl_hs |      Din     | return value |
|data_in_read   |  in |    8|   ap_none  | data_in_read |    scalar    |
|in_cnt         |  in |    3|   ap_none  |    in_cnt    |    pointer   |
|d_in_i         |  in |   32|   ap_ovld  |     d_in     |    pointer   |
|d_in_o         | out |   32|   ap_ovld  |     d_in     |    pointer   |
|d_in_o_ap_vld  | out |    1|   ap_ovld  |     d_in     |    pointer   |
+---------------+-----+-----+------------+--------------+--------------+

